components/world/SceneBackground.tsx(8,15): error TS2554: Expected 1 arguments, but got 0.
